<html>
<body>
<pre>
<h1>µVision Build Log</h1>
<h2>Project:</h2>
C:\Users\Harrison\Desktop\Fall 2020 HW Assignments\Embedded Systems\EmbeddedHW3\Homework 3 Question 2 Keil Project\Lab3.uvproj
Project File Date:  05/24/2017

<h2>Output:</h2>
Build target 'Lab3'
linking...
Program Size: Code=1088 RO-data=16 RW-data=0 ZI-data=1120  
".\Lab3.axf" - 0 Error(s), 0 Warning(s).
Load "C:\\Users\\Harrison\\Desktop\\Fall 2020 HW Assignments\\Embedded Systems\\EmbeddedHW3\\Homework 3 Question 2 Keil Project\\Lab3.axf" 
Connecting: Mode=JTAG, Speed=1000000Hz
Erase Done.
Programming Done.
Verify OK.
</pre>
</body>
</html>
